%!Adobe-FontList 1.11
%Locale:0x404

%BeginFont
Handler:DirectoryHandler
FontType:Invalid
OutlineFileName:D:\工作檔案\多媒體\20120224_華語小學堂光碟選單_專專\fla\ver2\ch\Font\r1_father.fla
FileModTime:1334571883
%EndFont

%BeginFont
Handler:DirectoryHandler
FontType:Invalid
OutlineFileName:D:\工作檔案\多媒體\20120224_華語小學堂光碟選單_專專\fla\ver2\ch\Font\r1_father.htm
FileModTime:1338278543
%EndFont

%BeginFont
Handler:DirectoryHandler
FontType:Invalid
OutlineFileName:D:\工作檔案\多媒體\20120224_華語小學堂光碟選單_專專\fla\ver2\ch\Font\r1_father.swf
FileModTime:1334571875
%EndFont

%BeginFont
Handler:DirectoryHandler
FontType:Invalid
OutlineFileName:D:\工作檔案\多媒體\20120224_華語小學堂光碟選單_專專\fla\ver2\ch\Font\r1_female.fla
FileModTime:1334571870
%EndFont

%BeginFont
Handler:DirectoryHandler
FontType:Invalid
OutlineFileName:D:\工作檔案\多媒體\20120224_華語小學堂光碟選單_專專\fla\ver2\ch\Font\r1_female.htm
FileModTime:1338279413
%EndFont

%BeginFont
Handler:DirectoryHandler
FontType:Invalid
OutlineFileName:D:\工作檔案\多媒體\20120224_華語小學堂光碟選單_專專\fla\ver2\ch\Font\r1_female.swf
FileModTime:1334571866
%EndFont

%BeginFont
Handler:DirectoryHandler
FontType:Invalid
OutlineFileName:D:\工作檔案\多媒體\20120224_華語小學堂光碟選單_專專\fla\ver2\ch\Font\r2_bird.fla
FileModTime:1334572010
%EndFont

%BeginFont
Handler:DirectoryHandler
FontType:Invalid
OutlineFileName:D:\工作檔案\多媒體\20120224_華語小學堂光碟選單_專專\fla\ver2\ch\Font\r2_bird.htm
FileModTime:1338279494
%EndFont

%BeginFont
Handler:DirectoryHandler
FontType:Invalid
OutlineFileName:D:\工作檔案\多媒體\20120224_華語小學堂光碟選單_專專\fla\ver2\ch\Font\r2_bird.swf
FileModTime:1334571969
%EndFont

%BeginFont
Handler:DirectoryHandler
FontType:Invalid
OutlineFileName:D:\工作檔案\多媒體\20120224_華語小學堂光碟選單_專專\fla\ver2\ch\Font\r2_rabbit.fla
FileModTime:1334571969
%EndFont

%BeginFont
Handler:DirectoryHandler
FontType:Invalid
OutlineFileName:D:\工作檔案\多媒體\20120224_華語小學堂光碟選單_專專\fla\ver2\ch\Font\r2_rabbit.htm
FileModTime:1338279525
%EndFont

%BeginFont
Handler:DirectoryHandler
FontType:Invalid
OutlineFileName:D:\工作檔案\多媒體\20120224_華語小學堂光碟選單_專專\fla\ver2\ch\Font\r2_rabbit.swf
FileModTime:1334571962
%EndFont

%BeginFont
Handler:DirectoryHandler
FontType:Invalid
OutlineFileName:D:\工作檔案\多媒體\20120224_華語小學堂光碟選單_專專\fla\ver2\ch\Font\r2_turtle.fla
FileModTime:1334571958
%EndFont

%BeginFont
Handler:DirectoryHandler
FontType:Invalid
OutlineFileName:D:\工作檔案\多媒體\20120224_華語小學堂光碟選單_專專\fla\ver2\ch\Font\r2_turtle.htm
FileModTime:1338279715
%EndFont

%BeginFont
Handler:DirectoryHandler
FontType:Invalid
OutlineFileName:D:\工作檔案\多媒體\20120224_華語小學堂光碟選單_專專\fla\ver2\ch\Font\r2_turtle.swf
FileModTime:1334571953
%EndFont

%BeginFont
Handler:DirectoryHandler
FontType:Invalid
OutlineFileName:D:\工作檔案\多媒體\20120224_華語小學堂光碟選單_專專\fla\ver2\ch\Font\r3_ear.fla
FileModTime:1334571948
%EndFont

%BeginFont
Handler:DirectoryHandler
FontType:Invalid
OutlineFileName:D:\工作檔案\多媒體\20120224_華語小學堂光碟選單_專專\fla\ver2\ch\Font\r3_ear.htm
FileModTime:1338279777
%EndFont

%BeginFont
Handler:DirectoryHandler
FontType:Invalid
OutlineFileName:D:\工作檔案\多媒體\20120224_華語小學堂光碟選單_專專\fla\ver2\ch\Font\r3_ear.swf
FileModTime:1334571936
%EndFont

%BeginFont
Handler:DirectoryHandler
FontType:Invalid
OutlineFileName:D:\工作檔案\多媒體\20120224_華語小學堂光碟選單_專專\fla\ver2\ch\Font\r3_eye.fla
FileModTime:1334571946
%EndFont

%BeginFont
Handler:DirectoryHandler
FontType:Invalid
OutlineFileName:D:\工作檔案\多媒體\20120224_華語小學堂光碟選單_專專\fla\ver2\ch\Font\r3_eye.htm
FileModTime:1338279804
%EndFont

%BeginFont
Handler:DirectoryHandler
FontType:Invalid
OutlineFileName:D:\工作檔案\多媒體\20120224_華語小學堂光碟選單_專專\fla\ver2\ch\Font\r3_eye.swf
FileModTime:1334571929
%EndFont

%BeginFont
Handler:DirectoryHandler
FontType:Invalid
OutlineFileName:D:\工作檔案\多媒體\20120224_華語小學堂光碟選單_專專\fla\ver2\ch\Font\r3_fish.fla
FileModTime:1334571928
%EndFont

%BeginFont
Handler:DirectoryHandler
FontType:Invalid
OutlineFileName:D:\工作檔案\多媒體\20120224_華語小學堂光碟選單_專專\fla\ver2\ch\Font\r3_fish.htm
FileModTime:1338279880
%EndFont

%BeginFont
Handler:DirectoryHandler
FontType:Invalid
OutlineFileName:D:\工作檔案\多媒體\20120224_華語小學堂光碟選單_專專\fla\ver2\ch\Font\r3_fish.swf
FileModTime:1334571921
%EndFont

%BeginFont
Handler:DirectoryHandler
FontType:Invalid
OutlineFileName:D:\工作檔案\多媒體\20120224_華語小學堂光碟選單_專專\fla\ver2\ch\Font\r3_hand.fla
FileModTime:1334571919
%EndFont

%BeginFont
Handler:DirectoryHandler
FontType:Invalid
OutlineFileName:D:\工作檔案\多媒體\20120224_華語小學堂光碟選單_專專\fla\ver2\ch\Font\r3_hand.htm
FileModTime:1338279925
%EndFont

%BeginFont
Handler:DirectoryHandler
FontType:Invalid
OutlineFileName:D:\工作檔案\多媒體\20120224_華語小學堂光碟選單_專專\fla\ver2\ch\Font\r3_hand.swf
FileModTime:1334571908
%EndFont

%BeginFont
Handler:DirectoryHandler
FontType:Invalid
OutlineFileName:D:\工作檔案\多媒體\20120224_華語小學堂光碟選單_專專\fla\ver2\ch\Font\r4_foot.fla
FileModTime:1334572057
%EndFont

%BeginFont
Handler:DirectoryHandler
FontType:Invalid
OutlineFileName:D:\工作檔案\多媒體\20120224_華語小學堂光碟選單_專專\fla\ver2\ch\Font\r4_foot.htm
FileModTime:1338280031
%EndFont

%BeginFont
Handler:DirectoryHandler
FontType:Invalid
OutlineFileName:D:\工作檔案\多媒體\20120224_華語小學堂光碟選單_專專\fla\ver2\ch\Font\r4_foot.swf
FileModTime:1334572047
%EndFont

%BeginFont
Handler:DirectoryHandler
FontType:Invalid
OutlineFileName:D:\工作檔案\多媒體\20120224_華語小學堂光碟選單_專專\fla\ver2\ch\Font\r4_mouth.fla
FileModTime:1334572043
%EndFont

%BeginFont
Handler:DirectoryHandler
FontType:Invalid
OutlineFileName:D:\工作檔案\多媒體\20120224_華語小學堂光碟選單_專專\fla\ver2\ch\Font\r4_mouth.htm
FileModTime:1338280082
%EndFont

%BeginFont
Handler:DirectoryHandler
FontType:Invalid
OutlineFileName:D:\工作檔案\多媒體\20120224_華語小學堂光碟選單_專專\fla\ver2\ch\Font\r4_mouth.swf
FileModTime:1334572026
%EndFont

%BeginFont
Handler:DirectoryHandler
FontType:Invalid
OutlineFileName:D:\工作檔案\多媒體\20120224_華語小學堂光碟選單_專專\fla\ver2\ch\Font\r4_water.fla
FileModTime:1334572042
%EndFont

%BeginFont
Handler:DirectoryHandler
FontType:Invalid
OutlineFileName:D:\工作檔案\多媒體\20120224_華語小學堂光碟選單_專專\fla\ver2\ch\Font\r4_water.htm
FileModTime:1338280206
%EndFont

%BeginFont
Handler:DirectoryHandler
FontType:Invalid
OutlineFileName:D:\工作檔案\多媒體\20120224_華語小學堂光碟選單_專專\fla\ver2\ch\Font\r4_water.swf
FileModTime:1334572017
%EndFont

%BeginFont
Handler:DirectoryHandler
FontType:Invalid
OutlineFileName:D:\工作檔案\多媒體\20120224_華語小學堂光碟選單_專專\fla\ver2\ch\Font\r5_clothes.fla
FileModTime:1334572015
%EndFont

%BeginFont
Handler:DirectoryHandler
FontType:Invalid
OutlineFileName:D:\工作檔案\多媒體\20120224_華語小學堂光碟選單_專專\fla\ver2\ch\Font\r5_clothes.htm
FileModTime:1338280361
%EndFont

%BeginFont
Handler:DirectoryHandler
FontType:Invalid
OutlineFileName:D:\工作檔案\多媒體\20120224_華語小學堂光碟選單_專專\fla\ver2\ch\Font\r5_clothes.swf
FileModTime:1334571978
%EndFont

%BeginFont
Handler:DirectoryHandler
FontType:Invalid
OutlineFileName:D:\工作檔案\多媒體\20120224_華語小學堂光碟選單_專專\fla\ver2\ch\Font\r7_bamboo.fla
FileModTime:1334571912
%EndFont

%BeginFont
Handler:DirectoryHandler
FontType:Invalid
OutlineFileName:D:\工作檔案\多媒體\20120224_華語小學堂光碟選單_專專\fla\ver2\ch\Font\r7_bamboo.htm
FileModTime:1338280388
%EndFont

%BeginFont
Handler:DirectoryHandler
FontType:Invalid
OutlineFileName:D:\工作檔案\多媒體\20120224_華語小學堂光碟選單_專專\fla\ver2\ch\Font\r7_bamboo.swf
FileModTime:1334571899
%EndFont

%BeginFont
Handler:DirectoryHandler
FontType:Invalid
OutlineFileName:D:\工作檔案\多媒體\20120224_華語小學堂光碟選單_專專\fla\ver2\ch\Font\r7_fire.fla
FileModTime:1334571901
%EndFont

%BeginFont
Handler:DirectoryHandler
FontType:Invalid
OutlineFileName:D:\工作檔案\多媒體\20120224_華語小學堂光碟選單_專專\fla\ver2\ch\Font\r7_fire.htm
FileModTime:1338280423
%EndFont

%BeginFont
Handler:DirectoryHandler
FontType:Invalid
OutlineFileName:D:\工作檔案\多媒體\20120224_華語小學堂光碟選單_專專\fla\ver2\ch\Font\r7_fire.swf
FileModTime:1334571889
%EndFont

%BeginFont
Handler:DirectoryHandler
FontType:Invalid
OutlineFileName:D:\工作檔案\多媒體\20120224_華語小學堂光碟選單_專專\fla\ver2\ch\Font\r7_knife.fla
FileModTime:1334571892
%EndFont

%BeginFont
Handler:DirectoryHandler
FontType:Invalid
OutlineFileName:D:\工作檔案\多媒體\20120224_華語小學堂光碟選單_專專\fla\ver2\ch\Font\r7_knife.htm
FileModTime:1338280915
%EndFont

%BeginFont
Handler:DirectoryHandler
FontType:Invalid
OutlineFileName:D:\工作檔案\多媒體\20120224_華語小學堂光碟選單_專專\fla\ver2\ch\Font\r7_knife.swf
FileModTime:1334571881
%EndFont

%BeginFont
Handler:DirectoryHandler
FontType:Invalid
OutlineFileName:D:\工作檔案\多媒體\20120224_華語小學堂光碟選單_專專\fla\ver2\ch\Font\Scripts\AC_RunActiveContent.js
FileModTime:1338265464
%EndFont

