%!Adobe-FontList 1.13
%Locale:0x404

%BeginFont
Handler:DirectoryHandler
FontType:Invalid
OutlineFileName:D:\工作檔案\多媒體\20120224_華語小學堂光碟選單_專專\fla\第六冊\繁中英\ch\Font\L10.htm
FileModTime:1396514142
%EndFont

%BeginFont
Handler:DirectoryHandler
FontType:Invalid
OutlineFileName:D:\工作檔案\多媒體\20120224_華語小學堂光碟選單_專專\fla\第六冊\繁中英\ch\Font\L10.swf
FileModTime:1401787712
%EndFont

%BeginFont
Handler:DirectoryHandler
FontType:Invalid
OutlineFileName:D:\工作檔案\多媒體\20120224_華語小學堂光碟選單_專專\fla\第六冊\繁中英\ch\Font\L2-1.htm
FileModTime:1396513210
%EndFont

%BeginFont
Handler:DirectoryHandler
FontType:Invalid
OutlineFileName:D:\工作檔案\多媒體\20120224_華語小學堂光碟選單_專專\fla\第六冊\繁中英\ch\Font\L2-1.swf
FileModTime:1396417396
%EndFont

%BeginFont
Handler:DirectoryHandler
FontType:Invalid
OutlineFileName:D:\工作檔案\多媒體\20120224_華語小學堂光碟選單_專專\fla\第六冊\繁中英\ch\Font\L2-2.htm
FileModTime:1396513262
%EndFont

%BeginFont
Handler:DirectoryHandler
FontType:Invalid
OutlineFileName:D:\工作檔案\多媒體\20120224_華語小學堂光碟選單_專專\fla\第六冊\繁中英\ch\Font\L2-2.swf
FileModTime:1397524472
%EndFont

%BeginFont
Handler:DirectoryHandler
FontType:Invalid
OutlineFileName:D:\工作檔案\多媒體\20120224_華語小學堂光碟選單_專專\fla\第六冊\繁中英\ch\Font\L4-1.htm
FileModTime:1396513534
%EndFont

%BeginFont
Handler:DirectoryHandler
FontType:Invalid
OutlineFileName:D:\工作檔案\多媒體\20120224_華語小學堂光碟選單_專專\fla\第六冊\繁中英\ch\Font\L4-1.swf
FileModTime:1396417396
%EndFont

%BeginFont
Handler:DirectoryHandler
FontType:Invalid
OutlineFileName:D:\工作檔案\多媒體\20120224_華語小學堂光碟選單_專專\fla\第六冊\繁中英\ch\Font\L5-1.htm
FileModTime:1396513798
%EndFont

%BeginFont
Handler:DirectoryHandler
FontType:Invalid
OutlineFileName:D:\工作檔案\多媒體\20120224_華語小學堂光碟選單_專專\fla\第六冊\繁中英\ch\Font\L5-1.swf
FileModTime:1397524546
%EndFont

%BeginFont
Handler:DirectoryHandler
FontType:Invalid
OutlineFileName:D:\工作檔案\多媒體\20120224_華語小學堂光碟選單_專專\fla\第六冊\繁中英\ch\Font\L5-2.htm
FileModTime:1396513850
%EndFont

%BeginFont
Handler:DirectoryHandler
FontType:Invalid
OutlineFileName:D:\工作檔案\多媒體\20120224_華語小學堂光碟選單_專專\fla\第六冊\繁中英\ch\Font\L5-2.swf
FileModTime:1384394728
%EndFont

%BeginFont
Handler:DirectoryHandler
FontType:Invalid
OutlineFileName:D:\工作檔案\多媒體\20120224_華語小學堂光碟選單_專專\fla\第六冊\繁中英\ch\Font\L6-1.htm
FileModTime:1396513888
%EndFont

%BeginFont
Handler:DirectoryHandler
FontType:Invalid
OutlineFileName:D:\工作檔案\多媒體\20120224_華語小學堂光碟選單_專專\fla\第六冊\繁中英\ch\Font\L6-1.swf
FileModTime:1337156898
%EndFont

%BeginFont
Handler:DirectoryHandler
FontType:Invalid
OutlineFileName:D:\工作檔案\多媒體\20120224_華語小學堂光碟選單_專專\fla\第六冊\繁中英\ch\Font\L6-2.htm
FileModTime:1396513906
%EndFont

%BeginFont
Handler:DirectoryHandler
FontType:Invalid
OutlineFileName:D:\工作檔案\多媒體\20120224_華語小學堂光碟選單_專專\fla\第六冊\繁中英\ch\Font\L6-2.swf
FileModTime:1396427212
%EndFont

%BeginFont
Handler:DirectoryHandler
FontType:Invalid
OutlineFileName:D:\工作檔案\多媒體\20120224_華語小學堂光碟選單_專專\fla\第六冊\繁中英\ch\Font\L7-1.htm
FileModTime:1396513958
%EndFont

%BeginFont
Handler:DirectoryHandler
FontType:Invalid
OutlineFileName:D:\工作檔案\多媒體\20120224_華語小學堂光碟選單_專專\fla\第六冊\繁中英\ch\Font\L7-1.swf
FileModTime:1396417396
%EndFont

%BeginFont
Handler:DirectoryHandler
FontType:Invalid
OutlineFileName:D:\工作檔案\多媒體\20120224_華語小學堂光碟選單_專專\fla\第六冊\繁中英\ch\Font\L7-2.htm
FileModTime:1404126863
%EndFont

%BeginFont
Handler:DirectoryHandler
FontType:Invalid
OutlineFileName:D:\工作檔案\多媒體\20120224_華語小學堂光碟選單_專專\fla\第六冊\繁中英\ch\Font\L7-2.swf
FileModTime:1396419554
%EndFont

%BeginFont
Handler:DirectoryHandler
FontType:Invalid
OutlineFileName:D:\工作檔案\多媒體\20120224_華語小學堂光碟選單_專專\fla\第六冊\繁中英\ch\Font\L8-1.htm
FileModTime:1396514064
%EndFont

%BeginFont
Handler:DirectoryHandler
FontType:Invalid
OutlineFileName:D:\工作檔案\多媒體\20120224_華語小學堂光碟選單_專專\fla\第六冊\繁中英\ch\Font\L8-1.swf
FileModTime:1397441224
%EndFont

%BeginFont
Handler:DirectoryHandler
FontType:Invalid
OutlineFileName:D:\工作檔案\多媒體\20120224_華語小學堂光碟選單_專專\fla\第六冊\繁中英\ch\Font\L8-2.htm
FileModTime:1396514092
%EndFont

%BeginFont
Handler:DirectoryHandler
FontType:Invalid
OutlineFileName:D:\工作檔案\多媒體\20120224_華語小學堂光碟選單_專專\fla\第六冊\繁中英\ch\Font\L8-2.swf
FileModTime:1398391022
%EndFont

%BeginFont
Handler:DirectoryHandler
FontType:Invalid
OutlineFileName:D:\工作檔案\多媒體\20120224_華語小學堂光碟選單_專專\fla\第六冊\繁中英\ch\Font\L9.htm
FileModTime:1396514124
%EndFont

%BeginFont
Handler:DirectoryHandler
FontType:Invalid
OutlineFileName:D:\工作檔案\多媒體\20120224_華語小學堂光碟選單_專專\fla\第六冊\繁中英\ch\Font\L9.swf
FileModTime:1396427748
%EndFont

%BeginFont
Handler:DirectoryHandler
FontType:Invalid
OutlineFileName:D:\工作檔案\多媒體\20120224_華語小學堂光碟選單_專專\fla\第六冊\繁中英\ch\Font\Prelude.htm
FileModTime:1396513068
%EndFont

%BeginFont
Handler:DirectoryHandler
FontType:Invalid
OutlineFileName:D:\工作檔案\多媒體\20120224_華語小學堂光碟選單_專專\fla\第六冊\繁中英\ch\Font\Prelude.swf
FileModTime:1396428516
%EndFont

%BeginFont
Handler:DirectoryHandler
FontType:Invalid
OutlineFileName:D:\工作檔案\多媒體\20120224_華語小學堂光碟選單_專專\fla\第六冊\繁中英\ch\Font\Scripts\expressInstall.swf
FileModTime:1384400784
%EndFont

%BeginFont
Handler:DirectoryHandler
FontType:Invalid
OutlineFileName:D:\工作檔案\多媒體\20120224_華語小學堂光碟選單_專專\fla\第六冊\繁中英\ch\Font\Scripts\swfobject_modified.js
FileModTime:1384400784
%EndFont

%BeginFont
Handler:DirectoryHandler
FontType:Invalid
OutlineFileName:D:\工作檔案\多媒體\20120224_華語小學堂光碟選單_專專\fla\第六冊\繁中英\ch\Font\gph\L10.png
FileModTime:1404125467
%EndFont

%BeginFont
Handler:DirectoryHandler
FontType:Invalid
OutlineFileName:D:\工作檔案\多媒體\20120224_華語小學堂光碟選單_專專\fla\第六冊\繁中英\ch\Font\gph\L2-1.png
FileModTime:1397442882
%EndFont

%BeginFont
Handler:DirectoryHandler
FontType:Invalid
OutlineFileName:D:\工作檔案\多媒體\20120224_華語小學堂光碟選單_專專\fla\第六冊\繁中英\ch\Font\gph\L2-2.png
FileModTime:1397443006
%EndFont

%BeginFont
Handler:DirectoryHandler
FontType:Invalid
OutlineFileName:D:\工作檔案\多媒體\20120224_華語小學堂光碟選單_專專\fla\第六冊\繁中英\ch\Font\gph\L4-1.png
FileModTime:1397443508
%EndFont

%BeginFont
Handler:DirectoryHandler
FontType:Invalid
OutlineFileName:D:\工作檔案\多媒體\20120224_華語小學堂光碟選單_專專\fla\第六冊\繁中英\ch\Font\gph\L5-1.png
FileModTime:1397443692
%EndFont

%BeginFont
Handler:DirectoryHandler
FontType:Invalid
OutlineFileName:D:\工作檔案\多媒體\20120224_華語小學堂光碟選單_專專\fla\第六冊\繁中英\ch\Font\gph\L5-2.png
FileModTime:1384394724
%EndFont

%BeginFont
Handler:DirectoryHandler
FontType:Invalid
OutlineFileName:D:\工作檔案\多媒體\20120224_華語小學堂光碟選單_專專\fla\第六冊\繁中英\ch\Font\gph\L6-1.png
FileModTime:1344408472
%EndFont

%BeginFont
Handler:DirectoryHandler
FontType:Invalid
OutlineFileName:D:\工作檔案\多媒體\20120224_華語小學堂光碟選單_專專\fla\第六冊\繁中英\ch\Font\gph\L6-2.png
FileModTime:1397443910
%EndFont

%BeginFont
Handler:DirectoryHandler
FontType:Invalid
OutlineFileName:D:\工作檔案\多媒體\20120224_華語小學堂光碟選單_專專\fla\第六冊\繁中英\ch\Font\gph\L7-1.png
FileModTime:1397444036
%EndFont

%BeginFont
Handler:DirectoryHandler
FontType:Invalid
OutlineFileName:D:\工作檔案\多媒體\20120224_華語小學堂光碟選單_專專\fla\第六冊\繁中英\ch\Font\gph\L7-2.png
FileModTime:1397444130
%EndFont

%BeginFont
Handler:DirectoryHandler
FontType:Invalid
OutlineFileName:D:\工作檔案\多媒體\20120224_華語小學堂光碟選單_專專\fla\第六冊\繁中英\ch\Font\gph\L8-1.png
FileModTime:1397444212
%EndFont

%BeginFont
Handler:DirectoryHandler
FontType:Invalid
OutlineFileName:D:\工作檔案\多媒體\20120224_華語小學堂光碟選單_專專\fla\第六冊\繁中英\ch\Font\gph\L8-2.png
FileModTime:1397444378
%EndFont

%BeginFont
Handler:DirectoryHandler
FontType:Invalid
OutlineFileName:D:\工作檔案\多媒體\20120224_華語小學堂光碟選單_專專\fla\第六冊\繁中英\ch\Font\gph\L9.png
FileModTime:1397444470
%EndFont

%BeginFont
Handler:DirectoryHandler
FontType:Invalid
OutlineFileName:D:\工作檔案\多媒體\20120224_華語小學堂光碟選單_專專\fla\第六冊\繁中英\ch\Font\gph\Prelude.png
FileModTime:1397444580
%EndFont

%BeginFont
Handler:DirectoryHandler
FontType:Invalid
OutlineFileName:D:\工作檔案\多媒體\20120224_華語小學堂光碟選單_專專\fla\第六冊\繁中英\ch\Font\gph\Thumbs.db
FileModTime:1404125658
%EndFont

