%!Adobe-FontList 1.13
%Locale:0x404

%BeginFont
Handler:DirectoryHandler
FontType:Invalid
OutlineFileName:E:\工作\20120224_華語小學堂光碟選單_專專\fla\第四冊\簡中英\sim\Font\L1-1.htm
FileModTime:1371728734
%EndFont

%BeginFont
Handler:DirectoryHandler
FontType:Invalid
OutlineFileName:E:\工作\20120224_華語小學堂光碟選單_專專\fla\第四冊\簡中英\sim\Font\L1-1.swf
FileModTime:1334572018
%EndFont

%BeginFont
Handler:DirectoryHandler
FontType:Invalid
OutlineFileName:E:\工作\20120224_華語小學堂光碟選單_專專\fla\第四冊\簡中英\sim\Font\L1-2.htm
FileModTime:1371812848
%EndFont

%BeginFont
Handler:DirectoryHandler
FontType:Invalid
OutlineFileName:E:\工作\20120224_華語小學堂光碟選單_專專\fla\第四冊\簡中英\sim\Font\L1-2.swf
FileModTime:1339075174
%EndFont

%BeginFont
Handler:DirectoryHandler
FontType:Invalid
OutlineFileName:E:\工作\20120224_華語小學堂光碟選單_專專\fla\第四冊\簡中英\sim\Font\L1-3.htm
FileModTime:1371813110
%EndFont

%BeginFont
Handler:DirectoryHandler
FontType:Invalid
OutlineFileName:E:\工作\20120224_華語小學堂光碟選單_專專\fla\第四冊\簡中英\sim\Font\L1-3.swf
FileModTime:1334571868
%EndFont

%BeginFont
Handler:DirectoryHandler
FontType:Invalid
OutlineFileName:E:\工作\20120224_華語小學堂光碟選單_專專\fla\第四冊\簡中英\sim\Font\L10-1.htm
FileModTime:1371875375
%EndFont

%BeginFont
Handler:DirectoryHandler
FontType:Invalid
OutlineFileName:E:\工作\20120224_華語小學堂光碟選單_專專\fla\第四冊\簡中英\sim\Font\L10-1.swf
FileModTime:1367029900
%EndFont

%BeginFont
Handler:DirectoryHandler
FontType:Invalid
OutlineFileName:E:\工作\20120224_華語小學堂光碟選單_專專\fla\第四冊\簡中英\sim\Font\L10-2.htm
FileModTime:1371875425
%EndFont

%BeginFont
Handler:DirectoryHandler
FontType:Invalid
OutlineFileName:E:\工作\20120224_華語小學堂光碟選單_專專\fla\第四冊\簡中英\sim\Font\L10-2.swf
FileModTime:1364467046
%EndFont

%BeginFont
Handler:DirectoryHandler
FontType:Invalid
OutlineFileName:E:\工作\20120224_華語小學堂光碟選單_專專\fla\第四冊\簡中英\sim\Font\L2-1.htm
FileModTime:1371871741
%EndFont

%BeginFont
Handler:DirectoryHandler
FontType:Invalid
OutlineFileName:E:\工作\20120224_華語小學堂光碟選單_專專\fla\第四冊\簡中英\sim\Font\L2-1.swf
FileModTime:1334571890
%EndFont

%BeginFont
Handler:DirectoryHandler
FontType:Invalid
OutlineFileName:E:\工作\20120224_華語小學堂光碟選單_專專\fla\第四冊\簡中英\sim\Font\L2-2.htm
FileModTime:1371871781
%EndFont

%BeginFont
Handler:DirectoryHandler
FontType:Invalid
OutlineFileName:E:\工作\20120224_華語小學堂光碟選單_專專\fla\第四冊\簡中英\sim\Font\L2-2.swf
FileModTime:1368697500
%EndFont

%BeginFont
Handler:DirectoryHandler
FontType:Invalid
OutlineFileName:E:\工作\20120224_華語小學堂光碟選單_專專\fla\第四冊\簡中英\sim\Font\L3-1.htm
FileModTime:1371874610
%EndFont

%BeginFont
Handler:DirectoryHandler
FontType:Invalid
OutlineFileName:E:\工作\20120224_華語小學堂光碟選單_專專\fla\第四冊\簡中英\sim\Font\L3-1.swf
FileModTime:1364205876
%EndFont

%BeginFont
Handler:DirectoryHandler
FontType:Invalid
OutlineFileName:E:\工作\20120224_華語小學堂光碟選單_專專\fla\第四冊\簡中英\sim\Font\L4-1.htm
FileModTime:1371874640
%EndFont

%BeginFont
Handler:DirectoryHandler
FontType:Invalid
OutlineFileName:E:\工作\20120224_華語小學堂光碟選單_專專\fla\第四冊\簡中英\sim\Font\L4-1.swf
FileModTime:1334139508
%EndFont

%BeginFont
Handler:DirectoryHandler
FontType:Invalid
OutlineFileName:E:\工作\20120224_華語小學堂光碟選單_專專\fla\第四冊\簡中英\sim\Font\L4-2.htm
FileModTime:1371874718
%EndFont

%BeginFont
Handler:DirectoryHandler
FontType:Invalid
OutlineFileName:E:\工作\20120224_華語小學堂光碟選單_專專\fla\第四冊\簡中英\sim\Font\L4-2.swf
FileModTime:1364291180
%EndFont

%BeginFont
Handler:DirectoryHandler
FontType:Invalid
OutlineFileName:E:\工作\20120224_華語小學堂光碟選單_專專\fla\第四冊\簡中英\sim\Font\L5-1.htm
FileModTime:1371874926
%EndFont

%BeginFont
Handler:DirectoryHandler
FontType:Invalid
OutlineFileName:E:\工作\20120224_華語小學堂光碟選單_專專\fla\第四冊\簡中英\sim\Font\L5-1.swf
FileModTime:1334669592
%EndFont

%BeginFont
Handler:DirectoryHandler
FontType:Invalid
OutlineFileName:E:\工作\20120224_華語小學堂光碟選單_專專\fla\第四冊\簡中英\sim\Font\L5-2.htm
FileModTime:1371874944
%EndFont

%BeginFont
Handler:DirectoryHandler
FontType:Invalid
OutlineFileName:E:\工作\20120224_華語小學堂光碟選單_專專\fla\第四冊\簡中英\sim\Font\L5-2.swf
FileModTime:1364461932
%EndFont

%BeginFont
Handler:DirectoryHandler
FontType:Invalid
OutlineFileName:E:\工作\20120224_華語小學堂光碟選單_專專\fla\第四冊\簡中英\sim\Font\L6-1.htm
FileModTime:1371875189
%EndFont

%BeginFont
Handler:DirectoryHandler
FontType:Invalid
OutlineFileName:E:\工作\20120224_華語小學堂光碟選單_專專\fla\第四冊\簡中英\sim\Font\L6-1.swf
FileModTime:1367055308
%EndFont

%BeginFont
Handler:DirectoryHandler
FontType:Invalid
OutlineFileName:E:\工作\20120224_華語小學堂光碟選單_專專\fla\第四冊\簡中英\sim\Font\L7-1.htm
FileModTime:1371875211
%EndFont

%BeginFont
Handler:DirectoryHandler
FontType:Invalid
OutlineFileName:E:\工作\20120224_華語小學堂光碟選單_專專\fla\第四冊\簡中英\sim\Font\L7-1.swf
FileModTime:1338452732
%EndFont

%BeginFont
Handler:DirectoryHandler
FontType:Invalid
OutlineFileName:E:\工作\20120224_華語小學堂光碟選單_專專\fla\第四冊\簡中英\sim\Font\L7-2.htm
FileModTime:1371875227
%EndFont

%BeginFont
Handler:DirectoryHandler
FontType:Invalid
OutlineFileName:E:\工作\20120224_華語小學堂光碟選單_專專\fla\第四冊\簡中英\sim\Font\L7-2.swf
FileModTime:1368697500
%EndFont

%BeginFont
Handler:DirectoryHandler
FontType:Invalid
OutlineFileName:E:\工作\20120224_華語小學堂光碟選單_專專\fla\第四冊\簡中英\sim\Font\L8-1.htm
FileModTime:1371875250
%EndFont

%BeginFont
Handler:DirectoryHandler
FontType:Invalid
OutlineFileName:E:\工作\20120224_華語小學堂光碟選單_專專\fla\第四冊\簡中英\sim\Font\L8-1.swf
FileModTime:1368697500
%EndFont

%BeginFont
Handler:DirectoryHandler
FontType:Invalid
OutlineFileName:E:\工作\20120224_華語小學堂光碟選單_專專\fla\第四冊\簡中英\sim\Font\L8-2.htm
FileModTime:1371875265
%EndFont

%BeginFont
Handler:DirectoryHandler
FontType:Invalid
OutlineFileName:E:\工作\20120224_華語小學堂光碟選單_專專\fla\第四冊\簡中英\sim\Font\L8-2.swf
FileModTime:1334571930
%EndFont

%BeginFont
Handler:DirectoryHandler
FontType:Invalid
OutlineFileName:E:\工作\20120224_華語小學堂光碟選單_專專\fla\第四冊\簡中英\sim\Font\L9-1.htm
FileModTime:1371875294
%EndFont

%BeginFont
Handler:DirectoryHandler
FontType:Invalid
OutlineFileName:E:\工作\20120224_華語小學堂光碟選單_專專\fla\第四冊\簡中英\sim\Font\L9-1.swf
FileModTime:1367049454
%EndFont

%BeginFont
Handler:DirectoryHandler
FontType:Invalid
OutlineFileName:E:\工作\20120224_華語小學堂光碟選單_專專\fla\第四冊\簡中英\sim\Font\L9-2.htm
FileModTime:1371875352
%EndFont

%BeginFont
Handler:DirectoryHandler
FontType:Invalid
OutlineFileName:E:\工作\20120224_華語小學堂光碟選單_專專\fla\第四冊\簡中英\sim\Font\L9-2.swf
FileModTime:1368697500
%EndFont

%BeginFont
Handler:DirectoryHandler
FontType:Invalid
OutlineFileName:E:\工作\20120224_華語小學堂光碟選單_專專\fla\第四冊\簡中英\sim\Font\gph\L1-1.png
FileModTime:1344407504
%EndFont

%BeginFont
Handler:DirectoryHandler
FontType:Invalid
OutlineFileName:E:\工作\20120224_華語小學堂光碟選單_專專\fla\第四冊\簡中英\sim\Font\gph\L1-2.png
FileModTime:1344408102
%EndFont

%BeginFont
Handler:DirectoryHandler
FontType:Invalid
OutlineFileName:E:\工作\20120224_華語小學堂光碟選單_專專\fla\第四冊\簡中英\sim\Font\gph\L1-3.png
FileModTime:1344406306
%EndFont

%BeginFont
Handler:DirectoryHandler
FontType:Invalid
OutlineFileName:E:\工作\20120224_華語小學堂光碟選單_專專\fla\第四冊\簡中英\sim\Font\gph\L10-1.png
FileModTime:1371956546
%EndFont

%BeginFont
Handler:DirectoryHandler
FontType:Invalid
OutlineFileName:E:\工作\20120224_華語小學堂光碟選單_專專\fla\第四冊\簡中英\sim\Font\gph\L10-2.png
FileModTime:1364553750
%EndFont

%BeginFont
Handler:DirectoryHandler
FontType:Invalid
OutlineFileName:E:\工作\20120224_華語小學堂光碟選單_專專\fla\第四冊\簡中英\sim\Font\gph\L2-1.png
FileModTime:1344410446
%EndFont

%BeginFont
Handler:DirectoryHandler
FontType:Invalid
OutlineFileName:E:\工作\20120224_華語小學堂光碟選單_專專\fla\第四冊\簡中英\sim\Font\gph\L2-2.png
FileModTime:1371956485
%EndFont

%BeginFont
Handler:DirectoryHandler
FontType:Invalid
OutlineFileName:E:\工作\20120224_華語小學堂光碟選單_專專\fla\第四冊\簡中英\sim\Font\gph\L3-1.png
FileModTime:1364553736
%EndFont

%BeginFont
Handler:DirectoryHandler
FontType:Invalid
OutlineFileName:E:\工作\20120224_華語小學堂光碟選單_專專\fla\第四冊\簡中英\sim\Font\gph\L4-1.png
FileModTime:1344408284
%EndFont

%BeginFont
Handler:DirectoryHandler
FontType:Invalid
OutlineFileName:E:\工作\20120224_華語小學堂光碟選單_專專\fla\第四冊\簡中英\sim\Font\gph\L4-2.png
FileModTime:1364553756
%EndFont

%BeginFont
Handler:DirectoryHandler
FontType:Invalid
OutlineFileName:E:\工作\20120224_華語小學堂光碟選單_專專\fla\第四冊\簡中英\sim\Font\gph\L5-1.png
FileModTime:1344408686
%EndFont

%BeginFont
Handler:DirectoryHandler
FontType:Invalid
OutlineFileName:E:\工作\20120224_華語小學堂光碟選單_專專\fla\第四冊\簡中英\sim\Font\gph\L5-2.png
FileModTime:1364553746
%EndFont

%BeginFont
Handler:DirectoryHandler
FontType:Invalid
OutlineFileName:E:\工作\20120224_華語小學堂光碟選單_專專\fla\第四冊\簡中英\sim\Font\gph\L6-1.png
FileModTime:1371956557
%EndFont

%BeginFont
Handler:DirectoryHandler
FontType:Invalid
OutlineFileName:E:\工作\20120224_華語小學堂光碟選單_專專\fla\第四冊\簡中英\sim\Font\gph\L7-1.png
FileModTime:1344408778
%EndFont

%BeginFont
Handler:DirectoryHandler
FontType:Invalid
OutlineFileName:E:\工作\20120224_華語小學堂光碟選單_專專\fla\第四冊\簡中英\sim\Font\gph\L7-2.png
FileModTime:1371956513
%EndFont

%BeginFont
Handler:DirectoryHandler
FontType:Invalid
OutlineFileName:E:\工作\20120224_華語小學堂光碟選單_專專\fla\第四冊\簡中英\sim\Font\gph\L8-1.png
FileModTime:1371956584
%EndFont

%BeginFont
Handler:DirectoryHandler
FontType:Invalid
OutlineFileName:E:\工作\20120224_華語小學堂光碟選單_專專\fla\第四冊\簡中英\sim\Font\gph\L8-2.png
FileModTime:1344406932
%EndFont

%BeginFont
Handler:DirectoryHandler
FontType:Invalid
OutlineFileName:E:\工作\20120224_華語小學堂光碟選單_專專\fla\第四冊\簡中英\sim\Font\gph\L9-1.png
FileModTime:1371956534
%EndFont

%BeginFont
Handler:DirectoryHandler
FontType:Invalid
OutlineFileName:E:\工作\20120224_華語小學堂光碟選單_專專\fla\第四冊\簡中英\sim\Font\gph\L9-2.png
FileModTime:1371956467
%EndFont

