%!Adobe-FontList 1.13
%Locale:0x404

%BeginFont
Handler:DirectoryHandler
FontType:Invalid
OutlineFileName:D:\工作檔案\多媒體\20120224_華語小學堂光碟選單_專專\fla\第五冊\繁中英\ch\Font\L1-1..swf
FileModTime:1384394734
%EndFont

%BeginFont
Handler:DirectoryHandler
FontType:Invalid
OutlineFileName:D:\工作檔案\多媒體\20120224_華語小學堂光碟選單_專專\fla\第五冊\繁中英\ch\Font\L1-1.htm
FileModTime:1384761274
%EndFont

%BeginFont
Handler:DirectoryHandler
FontType:Invalid
OutlineFileName:D:\工作檔案\多媒體\20120224_華語小學堂光碟選單_專專\fla\第五冊\繁中英\ch\Font\L1-1.png
FileModTime:1384394730
%EndFont

%BeginFont
Handler:DirectoryHandler
FontType:Invalid
OutlineFileName:D:\工作檔案\多媒體\20120224_華語小學堂光碟選單_專專\fla\第五冊\繁中英\ch\Font\L1-2.htm
FileModTime:1384761304
%EndFont

%BeginFont
Handler:DirectoryHandler
FontType:Invalid
OutlineFileName:D:\工作檔案\多媒體\20120224_華語小學堂光碟選單_專專\fla\第五冊\繁中英\ch\Font\L1-2.png
FileModTime:1384394752
%EndFont

%BeginFont
Handler:DirectoryHandler
FontType:Invalid
OutlineFileName:D:\工作檔案\多媒體\20120224_華語小學堂光碟選單_專專\fla\第五冊\繁中英\ch\Font\L1-2.swf
FileModTime:1384394758
%EndFont

%BeginFont
Handler:DirectoryHandler
FontType:Invalid
OutlineFileName:D:\工作檔案\多媒體\20120224_華語小學堂光碟選單_專專\fla\第五冊\繁中英\ch\Font\L10-1.htm
FileModTime:1384762444
%EndFont

%BeginFont
Handler:DirectoryHandler
FontType:Invalid
OutlineFileName:D:\工作檔案\多媒體\20120224_華語小學堂光碟選單_專專\fla\第五冊\繁中英\ch\Font\L10-1.png
FileModTime:1384394770
%EndFont

%BeginFont
Handler:DirectoryHandler
FontType:Invalid
OutlineFileName:D:\工作檔案\多媒體\20120224_華語小學堂光碟選單_專專\fla\第五冊\繁中英\ch\Font\L10-1.swf
FileModTime:1384394772
%EndFont

%BeginFont
Handler:DirectoryHandler
FontType:Invalid
OutlineFileName:D:\工作檔案\多媒體\20120224_華語小學堂光碟選單_專專\fla\第五冊\繁中英\ch\Font\L10-2.htm
FileModTime:1384762462
%EndFont

%BeginFont
Handler:DirectoryHandler
FontType:Invalid
OutlineFileName:D:\工作檔案\多媒體\20120224_華語小學堂光碟選單_專專\fla\第五冊\繁中英\ch\Font\L10-2.png
FileModTime:1384780006
%EndFont

%BeginFont
Handler:DirectoryHandler
FontType:Invalid
OutlineFileName:D:\工作檔案\多媒體\20120224_華語小學堂光碟選單_專專\fla\第五冊\繁中英\ch\Font\L10-2.swf
FileModTime:1384394740
%EndFont

%BeginFont
Handler:DirectoryHandler
FontType:Invalid
OutlineFileName:D:\工作檔案\多媒體\20120224_華語小學堂光碟選單_專專\fla\第五冊\繁中英\ch\Font\L10-3.htm
FileModTime:1384762494
%EndFont

%BeginFont
Handler:DirectoryHandler
FontType:Invalid
OutlineFileName:D:\工作檔案\多媒體\20120224_華語小學堂光碟選單_專專\fla\第五冊\繁中英\ch\Font\L10-3.png
FileModTime:1384394750
%EndFont

%BeginFont
Handler:DirectoryHandler
FontType:Invalid
OutlineFileName:D:\工作檔案\多媒體\20120224_華語小學堂光碟選單_專專\fla\第五冊\繁中英\ch\Font\L10-3.swf
FileModTime:1383206458
%EndFont

%BeginFont
Handler:DirectoryHandler
FontType:Invalid
OutlineFileName:D:\工作檔案\多媒體\20120224_華語小學堂光碟選單_專專\fla\第五冊\繁中英\ch\Font\L2-1.htm
FileModTime:1384761340
%EndFont

%BeginFont
Handler:DirectoryHandler
FontType:Invalid
OutlineFileName:D:\工作檔案\多媒體\20120224_華語小學堂光碟選單_專專\fla\第五冊\繁中英\ch\Font\L2-1.png
FileModTime:1384394746
%EndFont

%BeginFont
Handler:DirectoryHandler
FontType:Invalid
OutlineFileName:D:\工作檔案\多媒體\20120224_華語小學堂光碟選單_專專\fla\第五冊\繁中英\ch\Font\L2-1.swf
FileModTime:1384394750
%EndFont

%BeginFont
Handler:DirectoryHandler
FontType:Invalid
OutlineFileName:D:\工作檔案\多媒體\20120224_華語小學堂光碟選單_專專\fla\第五冊\繁中英\ch\Font\L2-2.htm
FileModTime:1384761386
%EndFont

%BeginFont
Handler:DirectoryHandler
FontType:Invalid
OutlineFileName:D:\工作檔案\多媒體\20120224_華語小學堂光碟選單_專專\fla\第五冊\繁中英\ch\Font\L2-2.png
FileModTime:1384394746
%EndFont

%BeginFont
Handler:DirectoryHandler
FontType:Invalid
OutlineFileName:D:\工作檔案\多媒體\20120224_華語小學堂光碟選單_專專\fla\第五冊\繁中英\ch\Font\L2-2.swf
FileModTime:1384394750
%EndFont

%BeginFont
Handler:DirectoryHandler
FontType:Invalid
OutlineFileName:D:\工作檔案\多媒體\20120224_華語小學堂光碟選單_專專\fla\第五冊\繁中英\ch\Font\L3-1.htm
FileModTime:1384761996
%EndFont

%BeginFont
Handler:DirectoryHandler
FontType:Invalid
OutlineFileName:D:\工作檔案\多媒體\20120224_華語小學堂光碟選單_專專\fla\第五冊\繁中英\ch\Font\L3-1.png
FileModTime:1384394728
%EndFont

%BeginFont
Handler:DirectoryHandler
FontType:Invalid
OutlineFileName:D:\工作檔案\多媒體\20120224_華語小學堂光碟選單_專專\fla\第五冊\繁中英\ch\Font\L3-1.swf
FileModTime:1384394734
%EndFont

%BeginFont
Handler:DirectoryHandler
FontType:Invalid
OutlineFileName:D:\工作檔案\多媒體\20120224_華語小學堂光碟選單_專專\fla\第五冊\繁中英\ch\Font\L3-2.htm
FileModTime:1384762042
%EndFont

%BeginFont
Handler:DirectoryHandler
FontType:Invalid
OutlineFileName:D:\工作檔案\多媒體\20120224_華語小學堂光碟選單_專專\fla\第五冊\繁中英\ch\Font\L3-2.png
FileModTime:1384394744
%EndFont

%BeginFont
Handler:DirectoryHandler
FontType:Invalid
OutlineFileName:D:\工作檔案\多媒體\20120224_華語小學堂光碟選單_專專\fla\第五冊\繁中英\ch\Font\L3-2.swf
FileModTime:1384394742
%EndFont

%BeginFont
Handler:DirectoryHandler
FontType:Invalid
OutlineFileName:D:\工作檔案\多媒體\20120224_華語小學堂光碟選單_專專\fla\第五冊\繁中英\ch\Font\L4-1.htm
FileModTime:1384762072
%EndFont

%BeginFont
Handler:DirectoryHandler
FontType:Invalid
OutlineFileName:D:\工作檔案\多媒體\20120224_華語小學堂光碟選單_專專\fla\第五冊\繁中英\ch\Font\L4-1.png
FileModTime:1384394736
%EndFont

%BeginFont
Handler:DirectoryHandler
FontType:Invalid
OutlineFileName:D:\工作檔案\多媒體\20120224_華語小學堂光碟選單_專專\fla\第五冊\繁中英\ch\Font\L4-1.swf
FileModTime:1384394740
%EndFont

%BeginFont
Handler:DirectoryHandler
FontType:Invalid
OutlineFileName:D:\工作檔案\多媒體\20120224_華語小學堂光碟選單_專專\fla\第五冊\繁中英\ch\Font\L4-2.htm
FileModTime:1384762100
%EndFont

%BeginFont
Handler:DirectoryHandler
FontType:Invalid
OutlineFileName:D:\工作檔案\多媒體\20120224_華語小學堂光碟選單_專專\fla\第五冊\繁中英\ch\Font\L4-2.png
FileModTime:1384394724
%EndFont

%BeginFont
Handler:DirectoryHandler
FontType:Invalid
OutlineFileName:D:\工作檔案\多媒體\20120224_華語小學堂光碟選單_專專\fla\第五冊\繁中英\ch\Font\L4-2.swf
FileModTime:1384394728
%EndFont

%BeginFont
Handler:DirectoryHandler
FontType:Invalid
OutlineFileName:D:\工作檔案\多媒體\20120224_華語小學堂光碟選單_專專\fla\第五冊\繁中英\ch\Font\L5-1.htm
FileModTime:1384762128
%EndFont

%BeginFont
Handler:DirectoryHandler
FontType:Invalid
OutlineFileName:D:\工作檔案\多媒體\20120224_華語小學堂光碟選單_專專\fla\第五冊\繁中英\ch\Font\L5-1.png
FileModTime:1384394744
%EndFont

%BeginFont
Handler:DirectoryHandler
FontType:Invalid
OutlineFileName:D:\工作檔案\多媒體\20120224_華語小學堂光碟選單_專專\fla\第五冊\繁中英\ch\Font\L5-1.swf
FileModTime:1384394746
%EndFont

%BeginFont
Handler:DirectoryHandler
FontType:Invalid
OutlineFileName:D:\工作檔案\多媒體\20120224_華語小學堂光碟選單_專專\fla\第五冊\繁中英\ch\Font\L5-2.htm
FileModTime:1384762150
%EndFont

%BeginFont
Handler:DirectoryHandler
FontType:Invalid
OutlineFileName:D:\工作檔案\多媒體\20120224_華語小學堂光碟選單_專專\fla\第五冊\繁中英\ch\Font\L5-2.png
FileModTime:1384394760
%EndFont

%BeginFont
Handler:DirectoryHandler
FontType:Invalid
OutlineFileName:D:\工作檔案\多媒體\20120224_華語小學堂光碟選單_專專\fla\第五冊\繁中英\ch\Font\L5-2.swf
FileModTime:1384394760
%EndFont

%BeginFont
Handler:DirectoryHandler
FontType:Invalid
OutlineFileName:D:\工作檔案\多媒體\20120224_華語小學堂光碟選單_專專\fla\第五冊\繁中英\ch\Font\L6-1.htm
FileModTime:1384762318
%EndFont

%BeginFont
Handler:DirectoryHandler
FontType:Invalid
OutlineFileName:D:\工作檔案\多媒體\20120224_華語小學堂光碟選單_專專\fla\第五冊\繁中英\ch\Font\L6-1.png
FileModTime:1384394734
%EndFont

%BeginFont
Handler:DirectoryHandler
FontType:Invalid
OutlineFileName:D:\工作檔案\多媒體\20120224_華語小學堂光碟選單_專專\fla\第五冊\繁中英\ch\Font\L6-1.swf
FileModTime:1384394736
%EndFont

%BeginFont
Handler:DirectoryHandler
FontType:Invalid
OutlineFileName:D:\工作檔案\多媒體\20120224_華語小學堂光碟選單_專專\fla\第五冊\繁中英\ch\Font\L6-2.htm
FileModTime:1384762344
%EndFont

%BeginFont
Handler:DirectoryHandler
FontType:Invalid
OutlineFileName:D:\工作檔案\多媒體\20120224_華語小學堂光碟選單_專專\fla\第五冊\繁中英\ch\Font\L6-2.png
FileModTime:1384394744
%EndFont

%BeginFont
Handler:DirectoryHandler
FontType:Invalid
OutlineFileName:D:\工作檔案\多媒體\20120224_華語小學堂光碟選單_專專\fla\第五冊\繁中英\ch\Font\L6-2.swf
FileModTime:1384394752
%EndFont

%BeginFont
Handler:DirectoryHandler
FontType:Invalid
OutlineFileName:D:\工作檔案\多媒體\20120224_華語小學堂光碟選單_專專\fla\第五冊\繁中英\ch\Font\L7-1.htm
FileModTime:1384762384
%EndFont

%BeginFont
Handler:DirectoryHandler
FontType:Invalid
OutlineFileName:D:\工作檔案\多媒體\20120224_華語小學堂光碟選單_專專\fla\第五冊\繁中英\ch\Font\L7-1.png
FileModTime:1384394760
%EndFont

%BeginFont
Handler:DirectoryHandler
FontType:Invalid
OutlineFileName:D:\工作檔案\多媒體\20120224_華語小學堂光碟選單_專專\fla\第五冊\繁中英\ch\Font\L7-1.swf
FileModTime:1384394770
%EndFont

%BeginFont
Handler:DirectoryHandler
FontType:Invalid
OutlineFileName:D:\工作檔案\多媒體\20120224_華語小學堂光碟選單_專專\fla\第五冊\繁中英\ch\Font\L7-2.htm
FileModTime:1384762406
%EndFont

%BeginFont
Handler:DirectoryHandler
FontType:Invalid
OutlineFileName:D:\工作檔案\多媒體\20120224_華語小學堂光碟選單_專專\fla\第五冊\繁中英\ch\Font\L7-2.png
FileModTime:1384394724
%EndFont

%BeginFont
Handler:DirectoryHandler
FontType:Invalid
OutlineFileName:D:\工作檔案\多媒體\20120224_華語小學堂光碟選單_專專\fla\第五冊\繁中英\ch\Font\L7-2.swf
FileModTime:1384394728
%EndFont

%BeginFont
Handler:DirectoryHandler
FontType:Invalid
OutlineFileName:D:\工作檔案\多媒體\20120224_華語小學堂光碟選單_專專\fla\第五冊\繁中英\ch\Font\L8-1.htm
FileModTime:1384762422
%EndFont

%BeginFont
Handler:DirectoryHandler
FontType:Invalid
OutlineFileName:D:\工作檔案\多媒體\20120224_華語小學堂光碟選單_專專\fla\第五冊\繁中英\ch\Font\L8-1.png
FileModTime:1384394762
%EndFont

%BeginFont
Handler:DirectoryHandler
FontType:Invalid
OutlineFileName:D:\工作檔案\多媒體\20120224_華語小學堂光碟選單_專專\fla\第五冊\繁中英\ch\Font\L8-1.swf
FileModTime:1384394772
%EndFont

%BeginFont
Handler:DirectoryHandler
FontType:Invalid
OutlineFileName:D:\工作檔案\多媒體\20120224_華語小學堂光碟選單_專專\fla\第五冊\繁中英\ch\Font\Scripts\expressInstall.swf
FileModTime:1384400784
%EndFont

%BeginFont
Handler:DirectoryHandler
FontType:Invalid
OutlineFileName:D:\工作檔案\多媒體\20120224_華語小學堂光碟選單_專專\fla\第五冊\繁中英\ch\Font\Scripts\swfobject_modified.js
FileModTime:1384400784
%EndFont

