%!Adobe-FontList 1.13
%Locale:0x404

%BeginFont
Handler:DirectoryHandler
FontType:Invalid
OutlineFileName:D:\工作檔案\多媒體\20120224_華語小學堂光碟選單_專專\fla\第二冊\ch\Font\RV1-1.htm
FileModTime:1356404365
%EndFont

%BeginFont
Handler:DirectoryHandler
FontType:Invalid
OutlineFileName:D:\工作檔案\多媒體\20120224_華語小學堂光碟選單_專專\fla\第二冊\ch\Font\RV1-1.swf
FileModTime:1339075173
%EndFont

%BeginFont
Handler:DirectoryHandler
FontType:Invalid
OutlineFileName:D:\工作檔案\多媒體\20120224_華語小學堂光碟選單_專專\fla\第二冊\ch\Font\RV1-2.htm
FileModTime:1356404407
%EndFont

%BeginFont
Handler:DirectoryHandler
FontType:Invalid
OutlineFileName:D:\工作檔案\多媒體\20120224_華語小學堂光碟選單_專專\fla\第二冊\ch\Font\RV1-2.swf
FileModTime:1337156996
%EndFont

%BeginFont
Handler:DirectoryHandler
FontType:Invalid
OutlineFileName:D:\工作檔案\多媒體\20120224_華語小學堂光碟選單_專專\fla\第二冊\ch\Font\RV2-1.htm
FileModTime:1356404467
%EndFont

%BeginFont
Handler:DirectoryHandler
FontType:Invalid
OutlineFileName:D:\工作檔案\多媒體\20120224_華語小學堂光碟選單_專專\fla\第二冊\ch\Font\RV2-1.swf
FileModTime:1336025252
%EndFont

%BeginFont
Handler:DirectoryHandler
FontType:Invalid
OutlineFileName:D:\工作檔案\多媒體\20120224_華語小學堂光碟選單_專專\fla\第二冊\ch\Font\RV2-2.htm
FileModTime:1356404486
%EndFont

%BeginFont
Handler:DirectoryHandler
FontType:Invalid
OutlineFileName:D:\工作檔案\多媒體\20120224_華語小學堂光碟選單_專專\fla\第二冊\ch\Font\RV2-2.swf
FileModTime:1334139507
%EndFont

%BeginFont
Handler:DirectoryHandler
FontType:Invalid
OutlineFileName:D:\工作檔案\多媒體\20120224_華語小學堂光碟選單_專專\fla\第二冊\ch\Font\RV3-1.htm
FileModTime:1356404925
%EndFont

%BeginFont
Handler:DirectoryHandler
FontType:Invalid
OutlineFileName:D:\工作檔案\多媒體\20120224_華語小學堂光碟選單_專專\fla\第二冊\ch\Font\RV3-1.swf
FileModTime:1337658151
%EndFont

%BeginFont
Handler:DirectoryHandler
FontType:Invalid
OutlineFileName:D:\工作檔案\多媒體\20120224_華語小學堂光碟選單_專專\fla\第二冊\ch\Font\RV3-2.htm
FileModTime:1356404942
%EndFont

%BeginFont
Handler:DirectoryHandler
FontType:Invalid
OutlineFileName:D:\工作檔案\多媒體\20120224_華語小學堂光碟選單_專專\fla\第二冊\ch\Font\RV3-2.swf
FileModTime:1337156897
%EndFont

%BeginFont
Handler:DirectoryHandler
FontType:Invalid
OutlineFileName:D:\工作檔案\多媒體\20120224_華語小學堂光碟選單_專專\fla\第二冊\ch\Font\RV3-3.htm
FileModTime:1356404962
%EndFont

%BeginFont
Handler:DirectoryHandler
FontType:Invalid
OutlineFileName:D:\工作檔案\多媒體\20120224_華語小學堂光碟選單_專專\fla\第二冊\ch\Font\RV3-3.swf
FileModTime:1336025250
%EndFont

%BeginFont
Handler:DirectoryHandler
FontType:Invalid
OutlineFileName:D:\工作檔案\多媒體\20120224_華語小學堂光碟選單_專專\fla\第二冊\ch\Font\RV3-4.htm
FileModTime:1356404974
%EndFont

%BeginFont
Handler:DirectoryHandler
FontType:Invalid
OutlineFileName:D:\工作檔案\多媒體\20120224_華語小學堂光碟選單_專專\fla\第二冊\ch\Font\RV3-4.swf
FileModTime:1338452799
%EndFont

%BeginFont
Handler:DirectoryHandler
FontType:Invalid
OutlineFileName:D:\工作檔案\多媒體\20120224_華語小學堂光碟選單_專專\fla\第二冊\ch\Font\RV4-1.htm
FileModTime:1356405024
%EndFont

%BeginFont
Handler:DirectoryHandler
FontType:Invalid
OutlineFileName:D:\工作檔案\多媒體\20120224_華語小學堂光碟選單_專專\fla\第二冊\ch\Font\RV4-1.swf
FileModTime:1334669590
%EndFont

%BeginFont
Handler:DirectoryHandler
FontType:Invalid
OutlineFileName:D:\工作檔案\多媒體\20120224_華語小學堂光碟選單_專專\fla\第二冊\ch\Font\RV4-2.htm
FileModTime:1356405042
%EndFont

%BeginFont
Handler:DirectoryHandler
FontType:Invalid
OutlineFileName:D:\工作檔案\多媒體\20120224_華語小學堂光碟選單_專專\fla\第二冊\ch\Font\RV4-2.swf
FileModTime:1338452731
%EndFont

%BeginFont
Handler:DirectoryHandler
FontType:Invalid
OutlineFileName:D:\工作檔案\多媒體\20120224_華語小學堂光碟選單_專專\fla\第二冊\ch\Font\RV5-1.htm
FileModTime:1356405105
%EndFont

%BeginFont
Handler:DirectoryHandler
FontType:Invalid
OutlineFileName:D:\工作檔案\多媒體\20120224_華語小學堂光碟選單_專專\fla\第二冊\ch\Font\RV5-1.swf
FileModTime:1335354263
%EndFont

%BeginFont
Handler:DirectoryHandler
FontType:Invalid
OutlineFileName:D:\工作檔案\多媒體\20120224_華語小學堂光碟選單_專專\fla\第二冊\ch\Font\RV5-2.htm
FileModTime:1356405114
%EndFont

%BeginFont
Handler:DirectoryHandler
FontType:Invalid
OutlineFileName:D:\工作檔案\多媒體\20120224_華語小學堂光碟選單_專專\fla\第二冊\ch\Font\RV5-2.swf
FileModTime:1339075157
%EndFont

%BeginFont
Handler:DirectoryHandler
FontType:Invalid
OutlineFileName:D:\工作檔案\多媒體\20120224_華語小學堂光碟選單_專專\fla\第二冊\ch\Font\gph\01.png
FileModTime:1344408102
%EndFont

%BeginFont
Handler:DirectoryHandler
FontType:Invalid
OutlineFileName:D:\工作檔案\多媒體\20120224_華語小學堂光碟選單_專專\fla\第二冊\ch\Font\gph\02.png
FileModTime:1344408038
%EndFont

%BeginFont
Handler:DirectoryHandler
FontType:Invalid
OutlineFileName:D:\工作檔案\多媒體\20120224_華語小學堂光碟選單_專專\fla\第二冊\ch\Font\gph\03.png
FileModTime:1344408380
%EndFont

%BeginFont
Handler:DirectoryHandler
FontType:Invalid
OutlineFileName:D:\工作檔案\多媒體\20120224_華語小學堂光碟選單_專專\fla\第二冊\ch\Font\gph\04.png
FileModTime:1344408284
%EndFont

%BeginFont
Handler:DirectoryHandler
FontType:Invalid
OutlineFileName:D:\工作檔案\多媒體\20120224_華語小學堂光碟選單_專專\fla\第二冊\ch\Font\gph\05.png
FileModTime:1344408632
%EndFont

%BeginFont
Handler:DirectoryHandler
FontType:Invalid
OutlineFileName:D:\工作檔案\多媒體\20120224_華語小學堂光碟選單_專專\fla\第二冊\ch\Font\gph\06.png
FileModTime:1344408472
%EndFont

%BeginFont
Handler:DirectoryHandler
FontType:Invalid
OutlineFileName:D:\工作檔案\多媒體\20120224_華語小學堂光碟選單_專專\fla\第二冊\ch\Font\gph\07.png
FileModTime:1344567522
%EndFont

%BeginFont
Handler:DirectoryHandler
FontType:Invalid
OutlineFileName:D:\工作檔案\多媒體\20120224_華語小學堂光碟選單_專專\fla\第二冊\ch\Font\gph\08.png
FileModTime:1344408528
%EndFont

%BeginFont
Handler:DirectoryHandler
FontType:Invalid
OutlineFileName:D:\工作檔案\多媒體\20120224_華語小學堂光碟選單_專專\fla\第二冊\ch\Font\gph\09.png
FileModTime:1344408686
%EndFont

%BeginFont
Handler:DirectoryHandler
FontType:Invalid
OutlineFileName:D:\工作檔案\多媒體\20120224_華語小學堂光碟選單_專專\fla\第二冊\ch\Font\gph\10.png
FileModTime:1344408778
%EndFont

%BeginFont
Handler:DirectoryHandler
FontType:Invalid
OutlineFileName:D:\工作檔案\多媒體\20120224_華語小學堂光碟選單_專專\fla\第二冊\ch\Font\gph\11.png
FileModTime:1344408830
%EndFont

%BeginFont
Handler:DirectoryHandler
FontType:Invalid
OutlineFileName:D:\工作檔案\多媒體\20120224_華語小學堂光碟選單_專專\fla\第二冊\ch\Font\gph\12.png
FileModTime:1344408912
%EndFont

